// Jest Snapshot v1, https://goo.gl/fbAQLP

exports[`FormLegend should render 1`] = `
ShallowWrapper {
  "length": 1,
  Symbol(enzyme.__root__): [Circular],
  Symbol(enzyme.__unrendered__): <FormLegend
    isOffset={false}
  >
    Lorem
  </FormLegend>,
  Symbol(enzyme.__renderer__): Object {
    "batchedUpdates": [Function],
    "getNode": [Function],
    "render": [Function],
    "simulateEvent": [Function],
    "unmount": [Function],
  },
  Symbol(enzyme.__node__): Object {
    "instance": null,
    "key": undefined,
    "nodeType": "host",
    "props": Object {
      "children": <Flag
        isOffset={false}
      >
        Lorem
      </Flag>,
      "className": "root",
    },
    "ref": null,
    "rendered": Object {
      "instance": null,
      "key": undefined,
      "nodeType": "host",
      "props": Object {
        "children": "Lorem",
        "isOffset": false,
      },
      "ref": null,
      "rendered": "Lorem",
      "type": "Flag",
    },
    "type": "legend",
  },
  Symbol(enzyme.__nodes__): Array [
    Object {
      "instance": null,
      "key": undefined,
      "nodeType": "host",
      "props": Object {
        "children": <Flag
          isOffset={false}
        >
          Lorem
        </Flag>,
        "className": "root",
      },
      "ref": null,
      "rendered": Object {
        "instance": null,
        "key": undefined,
        "nodeType": "host",
        "props": Object {
          "children": "Lorem",
          "isOffset": false,
        },
        "ref": null,
        "rendered": "Lorem",
        "type": "Flag",
      },
      "type": "legend",
    },
  ],
  Symbol(enzyme.__options__): Object {
    "adapter": ReactSixteenAdapter {
      "options": Object {
        "enableComponentDidUpdateOnSetState": true,
      },
    },
  },
}
`;
