// Jest Snapshot v1, https://goo.gl/fbAQLP

exports[`BannerLogo should render 1`] = `
ShallowWrapper {
  "length": 1,
  Symbol(enzyme.__root__): [Circular],
  Symbol(enzyme.__unrendered__): <BannerLogo />,
  Symbol(enzyme.__renderer__): Object {
    "batchedUpdates": [Function],
    "getNode": [Function],
    "render": [Function],
    "simulateEvent": [Function],
    "unmount": [Function],
  },
  Symbol(enzyme.__node__): Object {
    "instance": null,
    "key": undefined,
    "nodeType": "host",
    "props": Object {
      "children": <Link
        className="link"
        to="/"
      >
        <Logo
          className="img"
          isReverse={true}
        />
      </Link>,
    },
    "ref": null,
    "rendered": Object {
      "instance": null,
      "key": undefined,
      "nodeType": "host",
      "props": Object {
        "children": <Logo
          className="img"
          isReverse={true}
        />,
        "className": "link",
        "to": "/",
      },
      "ref": null,
      "rendered": Object {
        "instance": null,
        "key": undefined,
        "nodeType": "function",
        "props": Object {
          "className": "img",
          "isReverse": true,
        },
        "ref": null,
        "rendered": null,
        "type": [Function],
      },
      "type": "Link",
    },
    "type": "h1",
  },
  Symbol(enzyme.__nodes__): Array [
    Object {
      "instance": null,
      "key": undefined,
      "nodeType": "host",
      "props": Object {
        "children": <Link
          className="link"
          to="/"
        >
          <Logo
            className="img"
            isReverse={true}
          />
        </Link>,
      },
      "ref": null,
      "rendered": Object {
        "instance": null,
        "key": undefined,
        "nodeType": "host",
        "props": Object {
          "children": <Logo
            className="img"
            isReverse={true}
          />,
          "className": "link",
          "to": "/",
        },
        "ref": null,
        "rendered": Object {
          "instance": null,
          "key": undefined,
          "nodeType": "function",
          "props": Object {
            "className": "img",
            "isReverse": true,
          },
          "ref": null,
          "rendered": null,
          "type": [Function],
        },
        "type": "Link",
      },
      "type": "h1",
    },
  ],
  Symbol(enzyme.__options__): Object {
    "adapter": ReactSixteenAdapter {
      "options": Object {
        "enableComponentDidUpdateOnSetState": true,
      },
    },
  },
}
`;
