// Jest Snapshot v1, https://goo.gl/fbAQLP

exports[`TableHead should render 1`] = `
ShallowWrapper {
  "length": 1,
  Symbol(enzyme.__root__): [Circular],
  Symbol(enzyme.__unrendered__): <TableHead
    data={
      Object {
        "$id": 1,
        "Title": "Lorem",
      }
    }
    headClass={null}
    isAllSelected={false}
    toggleSelectAll={[Function]}
  />,
  Symbol(enzyme.__renderer__): Object {
    "batchedUpdates": [Function],
    "getNode": [Function],
    "render": [Function],
    "simulateEvent": [Function],
    "unmount": [Function],
  },
  Symbol(enzyme.__node__): Object {
    "instance": null,
    "key": undefined,
    "nodeType": "host",
    "props": Object {
      "children": Array [
        Array [
          null,
          <th
            className="cell"
          >
            Title
          </th>,
        ],
        undefined,
      ],
      "className": "root",
    },
    "ref": null,
    "rendered": Array [
      null,
      Object {
        "instance": null,
        "key": "Title",
        "nodeType": "host",
        "props": Object {
          "children": "Title",
          "className": "cell",
        },
        "ref": null,
        "rendered": "Title",
        "type": "th",
      },
      undefined,
    ],
    "type": "tr",
  },
  Symbol(enzyme.__nodes__): Array [
    Object {
      "instance": null,
      "key": undefined,
      "nodeType": "host",
      "props": Object {
        "children": Array [
          Array [
            null,
            <th
              className="cell"
            >
              Title
            </th>,
          ],
          undefined,
        ],
        "className": "root",
      },
      "ref": null,
      "rendered": Array [
        null,
        Object {
          "instance": null,
          "key": "Title",
          "nodeType": "host",
          "props": Object {
            "children": "Title",
            "className": "cell",
          },
          "ref": null,
          "rendered": "Title",
          "type": "th",
        },
        undefined,
      ],
      "type": "tr",
    },
  ],
  Symbol(enzyme.__options__): Object {
    "adapter": ReactSixteenAdapter {
      "options": Object {
        "enableComponentDidUpdateOnSetState": true,
      },
    },
  },
}
`;
