// Jest Snapshot v1, https://goo.gl/fbAQLP

exports[`Table should render 1`] = `
ShallowWrapper {
  "length": 1,
  Symbol(enzyme.__root__): [Circular],
  Symbol(enzyme.__unrendered__): <Table
    columns={Array []}
    data={
      Array [
        Object {
          "$id": 1,
          "Title": "Lorem",
        },
        Object {
          "$id": 2,
          "Title": "Ipsum",
        },
      ]
    }
    functions={null}
    hasHead={true}
    headClass={null}
    isDisabled={false}
    transformer={[Function]}
  />,
  Symbol(enzyme.__renderer__): Object {
    "batchedUpdates": [Function],
    "getNode": [Function],
    "render": [Function],
    "simulateEvent": [Function],
    "unmount": [Function],
  },
  Symbol(enzyme.__node__): Object {
    "instance": null,
    "key": undefined,
    "nodeType": "host",
    "props": Object {
      "children": Array [
        <thead>
          <TableHead
            data={
              Object {
                "$id": 1,
                "Title": "Lorem",
              }
            }
            headClass={null}
            isAllSelected={false}
            toggleSelectAll={[Function]}
          />
        </thead>,
        <tbody>
          <TableRow
            data={
              Object {
                "$id": 1,
                "Title": "Lorem",
              }
            }
            functions={null}
            isOdd={false}
            isSelected={false}
            toggleSelect={[Function]}
          />
          <TableRow
            data={
              Object {
                "$id": 2,
                "Title": "Ipsum",
              }
            }
            functions={null}
            isOdd={true}
            isSelected={false}
            toggleSelect={[Function]}
          />
        </tbody>,
      ],
      "className": "root",
    },
    "ref": null,
    "rendered": Array [
      Object {
        "instance": null,
        "key": undefined,
        "nodeType": "host",
        "props": Object {
          "children": <TableHead
            data={
              Object {
                "$id": 1,
                "Title": "Lorem",
              }
            }
            headClass={null}
            isAllSelected={false}
            toggleSelectAll={[Function]}
          />,
        },
        "ref": null,
        "rendered": Object {
          "instance": null,
          "key": undefined,
          "nodeType": "host",
          "props": Object {
            "data": Object {
              "$id": 1,
              "Title": "Lorem",
            },
            "headClass": null,
            "isAllSelected": false,
            "toggleSelectAll": [Function],
          },
          "ref": null,
          "rendered": null,
          "type": "TableHead",
        },
        "type": "thead",
      },
      Object {
        "instance": null,
        "key": undefined,
        "nodeType": "host",
        "props": Object {
          "children": Array [
            <TableRow
              data={
                Object {
                  "$id": 1,
                  "Title": "Lorem",
                }
              }
              functions={null}
              isOdd={false}
              isSelected={false}
              toggleSelect={[Function]}
            />,
            <TableRow
              data={
                Object {
                  "$id": 2,
                  "Title": "Ipsum",
                }
              }
              functions={null}
              isOdd={true}
              isSelected={false}
              toggleSelect={[Function]}
            />,
          ],
        },
        "ref": null,
        "rendered": Array [
          Object {
            "instance": null,
            "key": "1",
            "nodeType": "host",
            "props": Object {
              "data": Object {
                "$id": 1,
                "Title": "Lorem",
              },
              "functions": null,
              "isOdd": false,
              "isSelected": false,
              "toggleSelect": [Function],
            },
            "ref": null,
            "rendered": null,
            "type": "TableRow",
          },
          Object {
            "instance": null,
            "key": "2",
            "nodeType": "host",
            "props": Object {
              "data": Object {
                "$id": 2,
                "Title": "Ipsum",
              },
              "functions": null,
              "isOdd": true,
              "isSelected": false,
              "toggleSelect": [Function],
            },
            "ref": null,
            "rendered": null,
            "type": "TableRow",
          },
        ],
        "type": "tbody",
      },
    ],
    "type": "table",
  },
  Symbol(enzyme.__nodes__): Array [
    Object {
      "instance": null,
      "key": undefined,
      "nodeType": "host",
      "props": Object {
        "children": Array [
          <thead>
            <TableHead
              data={
                Object {
                  "$id": 1,
                  "Title": "Lorem",
                }
              }
              headClass={null}
              isAllSelected={false}
              toggleSelectAll={[Function]}
            />
          </thead>,
          <tbody>
            <TableRow
              data={
                Object {
                  "$id": 1,
                  "Title": "Lorem",
                }
              }
              functions={null}
              isOdd={false}
              isSelected={false}
              toggleSelect={[Function]}
            />
            <TableRow
              data={
                Object {
                  "$id": 2,
                  "Title": "Ipsum",
                }
              }
              functions={null}
              isOdd={true}
              isSelected={false}
              toggleSelect={[Function]}
            />
          </tbody>,
        ],
        "className": "root",
      },
      "ref": null,
      "rendered": Array [
        Object {
          "instance": null,
          "key": undefined,
          "nodeType": "host",
          "props": Object {
            "children": <TableHead
              data={
                Object {
                  "$id": 1,
                  "Title": "Lorem",
                }
              }
              headClass={null}
              isAllSelected={false}
              toggleSelectAll={[Function]}
            />,
          },
          "ref": null,
          "rendered": Object {
            "instance": null,
            "key": undefined,
            "nodeType": "host",
            "props": Object {
              "data": Object {
                "$id": 1,
                "Title": "Lorem",
              },
              "headClass": null,
              "isAllSelected": false,
              "toggleSelectAll": [Function],
            },
            "ref": null,
            "rendered": null,
            "type": "TableHead",
          },
          "type": "thead",
        },
        Object {
          "instance": null,
          "key": undefined,
          "nodeType": "host",
          "props": Object {
            "children": Array [
              <TableRow
                data={
                  Object {
                    "$id": 1,
                    "Title": "Lorem",
                  }
                }
                functions={null}
                isOdd={false}
                isSelected={false}
                toggleSelect={[Function]}
              />,
              <TableRow
                data={
                  Object {
                    "$id": 2,
                    "Title": "Ipsum",
                  }
                }
                functions={null}
                isOdd={true}
                isSelected={false}
                toggleSelect={[Function]}
              />,
            ],
          },
          "ref": null,
          "rendered": Array [
            Object {
              "instance": null,
              "key": "1",
              "nodeType": "host",
              "props": Object {
                "data": Object {
                  "$id": 1,
                  "Title": "Lorem",
                },
                "functions": null,
                "isOdd": false,
                "isSelected": false,
                "toggleSelect": [Function],
              },
              "ref": null,
              "rendered": null,
              "type": "TableRow",
            },
            Object {
              "instance": null,
              "key": "2",
              "nodeType": "host",
              "props": Object {
                "data": Object {
                  "$id": 2,
                  "Title": "Ipsum",
                },
                "functions": null,
                "isOdd": true,
                "isSelected": false,
                "toggleSelect": [Function],
              },
              "ref": null,
              "rendered": null,
              "type": "TableRow",
            },
          ],
          "type": "tbody",
        },
      ],
      "type": "table",
    },
  ],
  Symbol(enzyme.__options__): Object {
    "adapter": ReactSixteenAdapter {
      "options": Object {
        "enableComponentDidUpdateOnSetState": true,
      },
    },
  },
}
`;
