// Jest Snapshot v1, https://goo.gl/fbAQLP

exports[`TabItem should render 1`] = `
ShallowWrapper {
  "length": 1,
  Symbol(enzyme.__root__): [Circular],
  Symbol(enzyme.__unrendered__): <TabItem
    isActive={false}
    isDisabled={false}
    label="Lorem"
    path="lorem"
  />,
  Symbol(enzyme.__renderer__): Object {
    "batchedUpdates": [Function],
    "getNode": [Function],
    "render": [Function],
    "simulateEvent": [Function],
    "unmount": [Function],
  },
  Symbol(enzyme.__node__): Object {
    "instance": null,
    "key": undefined,
    "nodeType": "host",
    "props": Object {
      "children": "Lorem",
      "className": "root",
      "to": "lorem",
    },
    "ref": null,
    "rendered": "Lorem",
    "type": "Link",
  },
  Symbol(enzyme.__nodes__): Array [
    Object {
      "instance": null,
      "key": undefined,
      "nodeType": "host",
      "props": Object {
        "children": "Lorem",
        "className": "root",
        "to": "lorem",
      },
      "ref": null,
      "rendered": "Lorem",
      "type": "Link",
    },
  ],
  Symbol(enzyme.__options__): Object {
    "adapter": ReactSixteenAdapter {
      "options": Object {
        "enableComponentDidUpdateOnSetState": true,
      },
    },
  },
}
`;
