// Jest Snapshot v1, https://goo.gl/fbAQLP

exports[`EmptyList should render 1`] = `
ShallowWrapper {
  "length": 1,
  Symbol(enzyme.__root__): [Circular],
  Symbol(enzyme.__unrendered__): <EmptyList
    description="If you think this is an error, please contact the site administrator"
    title="No results found"
  />,
  Symbol(enzyme.__renderer__): Object {
    "batchedUpdates": [Function],
    "getNode": [Function],
    "render": [Function],
    "simulateEvent": [Function],
    "unmount": [Function],
  },
  Symbol(enzyme.__node__): Object {
    "instance": null,
    "key": undefined,
    "nodeType": "host",
    "props": Object {
      "children": Array [
        <h1
          className="title"
        >
          No results found
        </h1>,
        <p
          className="description"
        >
          If you think this is an error, please contact the site administrator
        </p>,
      ],
      "className": "root",
    },
    "ref": null,
    "rendered": Array [
      Object {
        "instance": null,
        "key": undefined,
        "nodeType": "host",
        "props": Object {
          "children": "No results found",
          "className": "title",
        },
        "ref": null,
        "rendered": "No results found",
        "type": "h1",
      },
      Object {
        "instance": null,
        "key": undefined,
        "nodeType": "host",
        "props": Object {
          "children": "If you think this is an error, please contact the site administrator",
          "className": "description",
        },
        "ref": null,
        "rendered": "If you think this is an error, please contact the site administrator",
        "type": "p",
      },
    ],
    "type": "section",
  },
  Symbol(enzyme.__nodes__): Array [
    Object {
      "instance": null,
      "key": undefined,
      "nodeType": "host",
      "props": Object {
        "children": Array [
          <h1
            className="title"
          >
            No results found
          </h1>,
          <p
            className="description"
          >
            If you think this is an error, please contact the site administrator
          </p>,
        ],
        "className": "root",
      },
      "ref": null,
      "rendered": Array [
        Object {
          "instance": null,
          "key": undefined,
          "nodeType": "host",
          "props": Object {
            "children": "No results found",
            "className": "title",
          },
          "ref": null,
          "rendered": "No results found",
          "type": "h1",
        },
        Object {
          "instance": null,
          "key": undefined,
          "nodeType": "host",
          "props": Object {
            "children": "If you think this is an error, please contact the site administrator",
            "className": "description",
          },
          "ref": null,
          "rendered": "If you think this is an error, please contact the site administrator",
          "type": "p",
        },
      ],
      "type": "section",
    },
  ],
  Symbol(enzyme.__options__): Object {
    "adapter": ReactSixteenAdapter {
      "options": Object {
        "enableComponentDidUpdateOnSetState": true,
      },
    },
  },
}
`;
