// Jest Snapshot v1, https://goo.gl/fbAQLP

exports[`TableRow should render 1`] = `
ShallowWrapper {
  "length": 1,
  Symbol(enzyme.__root__): [Circular],
  Symbol(enzyme.__unrendered__): <TableRow
    data={
      Object {
        "$id": 1,
        "Title": "Lorem",
      }
    }
    functions={null}
    isOdd={false}
    isSelected={false}
    toggleSelect={[Function]}
  />,
  Symbol(enzyme.__renderer__): Object {
    "batchedUpdates": [Function],
    "getNode": [Function],
    "render": [Function],
    "simulateEvent": [Function],
    "unmount": [Function],
  },
  Symbol(enzyme.__node__): Object {
    "instance": null,
    "key": undefined,
    "nodeType": "host",
    "props": Object {
      "children": Array [
        undefined,
        Array [
          <TableCell
            value="Lorem"
          />,
        ],
        undefined,
      ],
      "className": "root",
      "onClick": [Function],
    },
    "ref": null,
    "rendered": Array [
      undefined,
      Object {
        "instance": null,
        "key": "Title",
        "nodeType": "function",
        "props": Object {
          "value": "Lorem",
        },
        "ref": null,
        "rendered": null,
        "type": [Function],
      },
      undefined,
    ],
    "type": "tr",
  },
  Symbol(enzyme.__nodes__): Array [
    Object {
      "instance": null,
      "key": undefined,
      "nodeType": "host",
      "props": Object {
        "children": Array [
          undefined,
          Array [
            <TableCell
              value="Lorem"
            />,
          ],
          undefined,
        ],
        "className": "root",
        "onClick": [Function],
      },
      "ref": null,
      "rendered": Array [
        undefined,
        Object {
          "instance": null,
          "key": "Title",
          "nodeType": "function",
          "props": Object {
            "value": "Lorem",
          },
          "ref": null,
          "rendered": null,
          "type": [Function],
        },
        undefined,
      ],
      "type": "tr",
    },
  ],
  Symbol(enzyme.__options__): Object {
    "adapter": ReactSixteenAdapter {
      "options": Object {
        "enableComponentDidUpdateOnSetState": true,
      },
    },
  },
}
`;
