// Jest Snapshot v1, https://goo.gl/fbAQLP

exports[`ListItemMeta should render 1`] = `
ShallowWrapper {
  "length": 1,
  Symbol(enzyme.__root__): [Circular],
  Symbol(enzyme.__unrendered__): <ListItemMeta
    data={
      Array [
        "Lorem",
        "Ipsum",
      ]
    }
  />,
  Symbol(enzyme.__renderer__): Object {
    "batchedUpdates": [Function],
    "getNode": [Function],
    "render": [Function],
    "simulateEvent": [Function],
    "unmount": [Function],
  },
  Symbol(enzyme.__node__): Object {
    "instance": null,
    "key": undefined,
    "nodeType": "host",
    "props": Object {
      "children": Array [
        <li
          className="item"
        >
          Lorem
        </li>,
        <li
          className="item"
        >
          Ipsum
        </li>,
      ],
      "className": "root",
    },
    "ref": null,
    "rendered": Array [
      Object {
        "instance": null,
        "key": "0",
        "nodeType": "host",
        "props": Object {
          "children": "Lorem",
          "className": "item",
        },
        "ref": null,
        "rendered": "Lorem",
        "type": "li",
      },
      Object {
        "instance": null,
        "key": "1",
        "nodeType": "host",
        "props": Object {
          "children": "Ipsum",
          "className": "item",
        },
        "ref": null,
        "rendered": "Ipsum",
        "type": "li",
      },
    ],
    "type": "ul",
  },
  Symbol(enzyme.__nodes__): Array [
    Object {
      "instance": null,
      "key": undefined,
      "nodeType": "host",
      "props": Object {
        "children": Array [
          <li
            className="item"
          >
            Lorem
          </li>,
          <li
            className="item"
          >
            Ipsum
          </li>,
        ],
        "className": "root",
      },
      "ref": null,
      "rendered": Array [
        Object {
          "instance": null,
          "key": "0",
          "nodeType": "host",
          "props": Object {
            "children": "Lorem",
            "className": "item",
          },
          "ref": null,
          "rendered": "Lorem",
          "type": "li",
        },
        Object {
          "instance": null,
          "key": "1",
          "nodeType": "host",
          "props": Object {
            "children": "Ipsum",
            "className": "item",
          },
          "ref": null,
          "rendered": "Ipsum",
          "type": "li",
        },
      ],
      "type": "ul",
    },
  ],
  Symbol(enzyme.__options__): Object {
    "adapter": ReactSixteenAdapter {
      "options": Object {
        "enableComponentDidUpdateOnSetState": true,
      },
    },
  },
}
`;
